// Vitest Snapshot v1, https://vitest.dev/guide/snapshot.html

exports[`simple 1`] = `
[
  "This is a test of stderr",
  ":",
  " ",
  "Success",
  "
",
  "File Read Error",
  ":",
  " ",
  "Bad file descriptor",
  "
",
]
`;

exports[`simple 2`] = `
[
  "This is a simple tester of filesystem stuff.
",
  "
",
  "Filesize: 2818

",
  "finished reading file.
",
  "Please enter a line:
",
  "You entered , which has 22 chars.
",
]
`;
